// Jest Snapshot v1, https://goo.gl/fbAQLP

exports[`LayoutComponent should render the component 1`] = `
<div>
  <section
    class="sc-gswNZR equphs"
  >
    <h1
      class="sc-bcXHqe cUcCso"
    >
      List Pokemons
    </h1>
    <div
      class="sc-dkrFOg jxlyB"
    >
      <label
        for="search"
      >
        search
      </label>
      <div
        class="sc-jSUZER btAxHp"
      >
        <input
          data-testid="search"
          id="search"
          placeholder="Search"
          type="text"
          value=""
        />
      </div>
      <button
        class="add"
        name="new"
        type="button"
      >
        Nuevo
      </button>
      <div
        class="sc-hLBbgP esEbUB"
      >
        <table>
          <thead>
            <tr>
              <th>
                Name
              </th>
              <th>
                Image
              </th>
              <th>
                Attack
              </th>
              <th>
                Defense
              </th>
              <th>
                Actions
              </th>
            </tr>
          </thead>
          <tbody />
        </table>
      </div>
      <div
        class="sc-eDvSVe hvxeMv"
      >
        <div
          class="sc-iBYQkv ksQtxZ"
        >
          New Pokemon
        </div>
        <form
          data-testid="form"
        >
          <div
            class="sc-ftTHYK dXNeFx"
          >
            <div
              class="sc-pyfCe eBIqyv"
            >
              <label
                for="name"
              >
                Name
              </label>
              <div
                class="sc-jSUZER btAxHp"
              >
                <input
                  class=""
                  data-testid="name"
                  id="name"
                  type="text"
                  value=""
                />
              </div>
            </div>
            <div
              class="sc-pyfCe eBIqyv"
            >
              <label
                for="hp"
              >
                Hard Power
              </label>
              <div
                class="sc-jSUZER btAxHp"
              >
                <input
                  class=""
                  data-testid="hp"
                  id="hp"
                  type="text"
                  value=""
                />
              </div>
            </div>
            <div
              class="sc-pyfCe eBIqyv"
            >
              <label
                for="type"
              >
                Type
              </label>
              <div
                class="sc-jSUZER btAxHp"
              >
                <input
                  class=""
                  data-testid="type"
                  id="type"
                  type="text"
                  value=""
                />
              </div>
            </div>
            <div
              class="sc-pyfCe eBIqyv"
            >
              <label
                for="image"
              >
                Image
              </label>
              <div
                class="sc-jSUZER btAxHp"
              >
                <input
                  class=""
                  data-testid="image"
                  id="image"
                  type="text"
                  value=""
                />
              </div>
            </div>
            <div
              class="sc-pyfCe eBIqyv"
            >
              <label
                for="attack"
              >
                Attack
              </label>
              <div
                class="sc-gKPRtg omiaA"
              >
                <span>
                  0
                </span>
                <input
                  class=""
                  data-testid="attack"
                  id="attack"
                  max="100"
                  min="0"
                  step="1"
                  type="range"
                  value="0"
                />
                <span>
                  100
                </span>
              </div>
            </div>
            <div
              class="sc-pyfCe eBIqyv"
            >
              <label
                for="defense"
              >
                Defense
              </label>
              <div
                class="sc-gKPRtg omiaA"
              >
                <span>
                  0
                </span>
                <input
                  class=""
                  data-testid="defense"
                  id="defense"
                  max="100"
                  min="0"
                  step="1"
                  type="range"
                  value="0"
                />
                <span>
                  100
                </span>
              </div>
            </div>
            <div
              class="sc-jrcTuL hlbgqN"
            >
              <button
                data-testid="submit"
                type="submit"
              >
                Guardar
              </button>
              <button
                data-testid="cancel"
                type="reset"
              >
                Cancelar
              </button>
            </div>
          </div>
        </form>
      </div>
    </div>
  </section>
</div>
`;
