// Jest Snapshot v1, https://goo.gl/fbAQLP

exports[`LayoutComponent should render the component 1`] = `
<div>
  <section
    class="sc-gswNZR hyVruo"
  >
    <h1
      class="sc-bcXHqe cUcCso"
    >
      List Pokemons
    </h1>
    <div
      class="sc-dkrFOg bsOejD"
    >
      <label
        for="search"
      >
        search
      </label>
      <div
        class="sc-jSUZER btAxHp"
      >
        <input
          data-testid="search"
          id="search"
          placeholder="Search"
          type="text"
          value=""
        />
      </div>
      <button
        class="add"
        data-testid="new"
        name="new"
        type="button"
      >
        Nuevo
      </button>
      <div
        class="sc-hLBbgP cAPRvN"
      >
        <table
          class="sc-gKPRtg jHGqCH"
        >
          <thead>
            <tr>
              <th>
                Name
              </th>
              <th>
                Image
              </th>
              <th>
                Attack
              </th>
              <th>
                Defense
              </th>
              <th>
                Actions
              </th>
            </tr>
          </thead>
          <tbody>
            <tr>
              <td>
                <b>
                  Alakazam
                </b>
              </td>
              <td>
                <img
                  alt="image"
                  data-testid="image"
                  height="32"
                  src="[object Object]"
                />
              </td>
              <td>
                79
              </td>
              <td>
                61
              </td>
              <td>
                <img
                  alt="edit"
                  class="actions"
                  data-testid="edit"
                  height="18"
                  src="[object Object]"
                  width="18"
                />
                <img
                  alt="remove"
                  class="actions"
                  data-testid="remove"
                  height="18"
                  src="[object Object]"
                  width="18"
                />
              </td>
            </tr>
          </tbody>
        </table>
      </div>
      <div
        class="sc-eDvSVe fYajtk"
      >
        <div
          class="sc-ftTHYK cxNuin"
        >
          New Pokemon
        </div>
        <form
          data-testid="form"
        >
          <div
            class="sc-pyfCe byJeqw"
          >
            <div
              class="sc-jrcTuL gmagLg"
            >
              <label
                for="name"
              >
                Name
              </label>
              <div
                class="sc-jSUZER btAxHp"
              >
                <input
                  class=""
                  data-testid="name"
                  id="name"
                  type="text"
                  value="Alakazam"
                />
              </div>
            </div>
            <div
              class="sc-jrcTuL gmagLg"
            >
              <label
                for="hp"
              >
                Hard Power
              </label>
              <div
                class="sc-jSUZER btAxHp"
              >
                <input
                  class=""
                  data-testid="hp"
                  id="hp"
                  type="text"
                  value="55"
                />
              </div>
            </div>
            <div
              class="sc-jrcTuL gmagLg"
            >
              <label
                for="type"
              >
                Type
              </label>
              <div
                class="sc-jSUZER btAxHp"
              >
                <input
                  class=""
                  data-testid="type"
                  id="type"
                  type="text"
                  value="Eléctrico"
                />
              </div>
            </div>
            <div
              class="sc-jrcTuL gmagLg"
            >
              <label
                for="image"
              >
                Image
              </label>
              <div
                class="sc-jSUZER btAxHp"
              >
                <input
                  class=""
                  data-testid="image"
                  id="image"
                  type="text"
                  value="https://assets.pokemon.com/assets/cms2/img/pokedex/detail/065.png"
                />
              </div>
            </div>
            <div
              class="sc-jrcTuL gmagLg"
            >
              <label
                for="attack"
              >
                Attack
              </label>
              <div
                class="sc-iBYQkv dJtkPf"
              >
                <span>
                  0
                </span>
                <input
                  class=""
                  data-testid="attack"
                  id="attack"
                  max="100"
                  min="0"
                  step="1"
                  type="range"
                  value="79"
                />
                <span>
                  100
                </span>
              </div>
            </div>
            <div
              class="sc-jrcTuL gmagLg"
            >
              <label
                for="defense"
              >
                Defense
              </label>
              <div
                class="sc-iBYQkv dJtkPf"
              >
                <span>
                  0
                </span>
                <input
                  class=""
                  data-testid="defense"
                  id="defense"
                  max="100"
                  min="0"
                  step="1"
                  type="range"
                  value="61"
                />
                <span>
                  100
                </span>
              </div>
            </div>
            <div
              class="sc-kDvujY gWCnxY"
            >
              <button
                data-testid="submit"
                type="submit"
              >
                Guardar
              </button>
              <button
                data-testid="cancel"
                type="reset"
              >
                Cancelar
              </button>
            </div>
          </div>
        </form>
      </div>
    </div>
  </section>
</div>
`;
